[2026-08-04 14:32:46 UTC] Bot02 - Strategie 2.0.0-news - 22 Symbole
  Trefferkontrolle: 44 Prognose(n) aufgeloest -> outcomes.jsonl

Symbol    Akt.  Sich.        Kurs Horiz    Erwartet    Netto P(auf)  News  Sent.
--------------------------------------------------------------------------------
ASML.AS   BUY     24%    1469.00 20d       1522.62   +3.25%    62%     6  +0.50
GOOGL     BUY     23%     376.17 20d        386.24   +2.28%    62%    20  +0.20
AAPL      BUY     18%     306.11 20d        311.18   +1.26%    59%    20  -0.05
NOVN.SW   BUY     18%     124.86 20d        126.41   +0.84%    59%     0  +0.00
ALV.DE    BUY     71%     434.80 4h         438.90   +0.54%    86%     2  +0.50
RKLB      HOLD     6%      73.53 20d         75.01   +1.62%    53%     9  +0.00
RHM.DE    HOLD     9%    1201.00 20d       1183.19   -1.08%    46%     0  +0.00
SAP.DE    HOLD     9%     168.10 20d        165.75   -1.00%    45%     3  +0.33
SIE.DE    HOLD    11%     287.85 20d        291.36   +0.82%    55%     1  +0.00
R3NK.DE   HOLD     7%      49.55 20d         48.94   -0.82%    47%     1  +0.00
AMZN      HOLD     9%     279.06 20d        282.20   +0.73%    55%    20  +0.25
ASTS      HOLD     5%      67.88 20d         68.64   +0.73%    51%     6  +0.17
META      HOLD     8%     583.27 20d        576.76   -0.72%    46%    20  +0.05
SHEL.L    HOLD    11%    3315.50 20d       3344.16   +0.46%    55%    20  +0.25
NESN.SW   HOLD     8%      80.92 20d         81.46   +0.27%    54%     0  +0.00
NVDA      HOLD    21%     210.20 4h         211.19   +0.07%    60%    20  +0.25
BZ=F      HOLD     5%      79.95 20d         80.43   +0.20%    52%     0  +0.00
TSLA      HOLD    16%     323.45 4h         324.93   +0.06%    58%    16  +0.25
VOW3.DE   HOLD     5%      76.16 4h          76.15   -0.39%    50%     0  +0.00
MSFT      HOLD     5%     495.76 4h         496.17   +0.32%    52%    20  +0.05
MC.PA     HOLD     5%     482.55 4h         482.59   +0.39%    50%     1  +0.00
AZN.L     HOLD    11%   11684.00 4h       11663.54   -0.22%    45%    20  -0.10

  22 Empfehlungen -> C:\Bot02\logs\recommendations.jsonl
